// Jest Snapshot v1, https://goo.gl/fbAQLP

exports[`Snapshot Test testing courseList 1`] = `<courseList />`;
