// Jest Snapshot v1, https://goo.gl/fbAQLP

exports[`Snapshot Test testing Footer 1`] = `
Array [
  <hr />,
  <center>
     
    <h4>
      Â© Edureka 
    </h4>
  </center>,
]
`;
