// Jest Snapshot v1, https://goo.gl/fbAQLP

exports[`Snapshot Test testing rootReducer 1`] = `<rootReducer />`;
